// Jest Snapshot v1, https://goo.gl/fbAQLP

exports[`<Header /> renders correctly 1`] = `
<header>
  <h1>
    My Pokemon React App
  </h1>
</header>
`;
